============================= test session starts =============================
platform win32 -- Python 3.13.1, pytest-7.4.4, pluggy-1.6.0
django: version: 5.0.1, settings: timetable_project.settings (from ini)
rootdir: C:\Users\karth\Documents\timetable-scheduler\backend
configfile: pytest.ini
plugins: cov-4.1.0, django-4.7.0
collected 2 items

tests\test_rollover.py EE                                                [100%]

=================================== ERRORS ====================================
______ ERROR at setup of TestSemesterRollover.test_rollover_safety_lock _______

db = None

    @pytest.fixture
    def admin_user(db):
>       user = User.objects.create_superuser(
            username='admin_test',
            password='password123',
            email='admin@test.com',
            role='ADMIN'
        )

tests\conftest.py:14: 
_ _ _ _ _ _ _ _ _ _ _ _ _ _ _ _ _ _ _ _ _ _ _ _ _ _ _ _ _ _ _ _ _ _ _ _ _ _ _ _
..\venv\Lib\site-packages\django\contrib\auth\models.py:172: in create_superuser
    return self._create_user(username, email, password, **extra_fields)
..\venv\Lib\site-packages\django\contrib\auth\models.py:155: in _create_user
    user.save(using=self._db)
..\venv\Lib\site-packages\django\contrib\auth\base_user.py:77: in save
    super().save(*args, **kwargs)
..\venv\Lib\site-packages\django\db\models\base.py:822: in save
    self.save_base(
..\venv\Lib\site-packages\django\db\models\base.py:924: in save_base
    post_save.send(
..\venv\Lib\site-packages\django\dispatch\dispatcher.py:189: in send
    response = receiver(signal=self, sender=sender, **named)
accounts\signals.py:46: in log_create_update
    AuditLog.objects.create(
..\venv\Lib\site-packages\django\db\models\manager.py:87: in manager_method
    return getattr(self.get_queryset(), name)(*args, **kwargs)
..\venv\Lib\site-packages\django\db\models\query.py:677: in create
    obj.save(force_insert=True, using=self.db)
..\venv\Lib\site-packages\django\db\models\base.py:822: in save
    self.save_base(
..\venv\Lib\site-packages\django\db\models\base.py:909: in save_base
    updated = self._save_table(
..\venv\Lib\site-packages\django\db\models\base.py:1067: in _save_table
    results = self._do_insert(
..\venv\Lib\site-packages\django\db\models\base.py:1108: in _do_insert
    return manager._insert(
..\venv\Lib\site-packages\django\db\models\manager.py:87: in manager_method
    return getattr(self.get_queryset(), name)(*args, **kwargs)
..\venv\Lib\site-packages\django\db\models\query.py:1845: in _insert
    return query.get_compiler(using=using).execute_sql(returning_fields)
..\venv\Lib\site-packages\django\db\models\sql\compiler.py:1821: in execute_sql
    with self.connection.cursor() as cursor:
_ _ _ _ _ _ _ _ _ _ _ _ _ _ _ _ _ _ _ _ _ _ _ _ _ _ _ _ _ _ _ _ _ _ _ _ _ _ _ _

self = <django.test.testcases._DatabaseFailure object at 0x0000023097A447D0>

    def __call__(self):
>       raise DatabaseOperationForbidden(self.message)
E       django.test.testcases.DatabaseOperationForbidden: Database queries to 'audit_db' are not allowed in this test. Add 'audit_db' to pytest_django.fixtures._django_db_helper.<locals>.PytestDjangoTestCase.databases to ensure proper test isolation and silence this failure.

..\venv\Lib\site-packages\django\test\testcases.py:166: DatabaseOperationForbidden
________ ERROR at setup of TestSemesterRollover.test_rollover_success _________

db = None

    @pytest.fixture
    def admin_user(db):
>       user = User.objects.create_superuser(
            username='admin_test',
            password='password123',
            email='admin@test.com',
            role='ADMIN'
        )

tests\conftest.py:14: 
_ _ _ _ _ _ _ _ _ _ _ _ _ _ _ _ _ _ _ _ _ _ _ _ _ _ _ _ _ _ _ _ _ _ _ _ _ _ _ _
..\venv\Lib\site-packages\django\contrib\auth\models.py:172: in create_superuser
    return self._create_user(username, email, password, **extra_fields)
..\venv\Lib\site-packages\django\contrib\auth\models.py:155: in _create_user
    user.save(using=self._db)
..\venv\Lib\site-packages\django\contrib\auth\base_user.py:77: in save
    super().save(*args, **kwargs)
..\venv\Lib\site-packages\django\db\models\base.py:822: in save
    self.save_base(
..\venv\Lib\site-packages\django\db\models\base.py:924: in save_base
    post_save.send(
..\venv\Lib\site-packages\django\dispatch\dispatcher.py:189: in send
    response = receiver(signal=self, sender=sender, **named)
accounts\signals.py:46: in log_create_update
    AuditLog.objects.create(
..\venv\Lib\site-packages\django\db\models\manager.py:87: in manager_method
    return getattr(self.get_queryset(), name)(*args, **kwargs)
..\venv\Lib\site-packages\django\db\models\query.py:677: in create
    obj.save(force_insert=True, using=self.db)
..\venv\Lib\site-packages\django\db\models\base.py:822: in save
    self.save_base(
..\venv\Lib\site-packages\django\db\models\base.py:909: in save_base
    updated = self._save_table(
..\venv\Lib\site-packages\django\db\models\base.py:1067: in _save_table
    results = self._do_insert(
..\venv\Lib\site-packages\django\db\models\base.py:1108: in _do_insert
    return manager._insert(
..\venv\Lib\site-packages\django\db\models\manager.py:87: in manager_method
    return getattr(self.get_queryset(), name)(*args, **kwargs)
..\venv\Lib\site-packages\django\db\models\query.py:1845: in _insert
    return query.get_compiler(using=using).execute_sql(returning_fields)
..\venv\Lib\site-packages\django\db\models\sql\compiler.py:1821: in execute_sql
    with self.connection.cursor() as cursor:
_ _ _ _ _ _ _ _ _ _ _ _ _ _ _ _ _ _ _ _ _ _ _ _ _ _ _ _ _ _ _ _ _ _ _ _ _ _ _ _

self = <django.test.testcases._DatabaseFailure object at 0x0000023098C81480>

    def __call__(self):
>       raise DatabaseOperationForbidden(self.message)
E       django.test.testcases.DatabaseOperationForbidden: Database queries to 'audit_db' are not allowed in this test. Add 'audit_db' to pytest_django.fixtures._django_db_helper.<locals>.PytestDjangoTestCase.databases to ensure proper test isolation and silence this failure.

..\venv\Lib\site-packages\django\test\testcases.py:166: DatabaseOperationForbidden
=========================== short test summary info ===========================
ERROR tests/test_rollover.py::TestSemesterRollover::test_rollover_safety_lock
ERROR tests/test_rollover.py::TestSemesterRollover::test_rollover_success - d...
============================== 2 errors in 8.40s ==============================
